Archive member included to satisfy reference by file (symbol)

/usr/lib/gcc/arm-none-eabi/15/thumb/v6-m/nofp/libgcc.a(_udivsi3.o)
                              build-sim/uart.o (__aeabi_uidiv)
/usr/lib/gcc/arm-none-eabi/15/thumb/v6-m/nofp/libgcc.a(_dvmd_tls.o)
                              /usr/lib/gcc/arm-none-eabi/15/thumb/v6-m/nofp/libgcc.a(_udivsi3.o) (__aeabi_idiv0)

Merging object attributes


Discarded input sections

 .group         0x00000000        0xc build-sim/main.o
 .group         0x00000000        0xc build-sim/main.o
 .group         0x00000000        0xc build-sim/main.o
 .group         0x00000000        0xc build-sim/main.o
 .group         0x00000000        0xc build-sim/main.o
 .group         0x00000000        0xc build-sim/main.o
 .group         0x00000000        0xc build-sim/main.o
 .group         0x00000000        0xc build-sim/main.o
 .group         0x00000000        0xc build-sim/main.o
 .group         0x00000000        0xc build-sim/main.o
 .group         0x00000000        0xc build-sim/main.o
 .text          0x00000000        0x0 build-sim/main.o
 .data          0x00000000        0x0 build-sim/main.o
 .bss           0x00000000        0x0 build-sim/main.o
 .group         0x00000000        0xc build-sim/startup.o
 .group         0x00000000        0xc build-sim/startup.o
 .group         0x00000000        0xc build-sim/startup.o
 .group         0x00000000        0xc build-sim/startup.o
 .group         0x00000000        0xc build-sim/startup.o
 .group         0x00000000        0xc build-sim/startup.o
 .group         0x00000000        0xc build-sim/startup.o
 .group         0x00000000        0xc build-sim/startup.o
 .group         0x00000000        0xc build-sim/startup.o
 .group         0x00000000        0xc build-sim/startup.o
 .text          0x00000000        0x0 build-sim/startup.o
 .data          0x00000000        0x0 build-sim/startup.o
 .bss           0x00000000        0x0 build-sim/startup.o
 .debug_macro   0x00000000      0xac0 build-sim/startup.o
 .debug_macro   0x00000000      0x14b build-sim/startup.o
 .debug_macro   0x00000000       0x9c build-sim/startup.o
 .debug_macro   0x00000000       0x46 build-sim/startup.o
 .debug_macro   0x00000000       0x58 build-sim/startup.o
 .debug_macro   0x00000000       0x5b build-sim/startup.o
 .debug_macro   0x00000000      0x23f build-sim/startup.o
 .debug_macro   0x00000000       0x6a build-sim/startup.o
 .debug_macro   0x00000000      0x103 build-sim/startup.o
 .debug_macro   0x00000000      0x2be build-sim/startup.o
 .group         0x00000000        0xc build-sim/uart.o
 .group         0x00000000        0xc build-sim/uart.o
 .group         0x00000000        0xc build-sim/uart.o
 .group         0x00000000        0xc build-sim/uart.o
 .group         0x00000000        0xc build-sim/uart.o
 .group         0x00000000        0xc build-sim/uart.o
 .group         0x00000000        0xc build-sim/uart.o
 .group         0x00000000        0xc build-sim/uart.o
 .group         0x00000000        0xc build-sim/uart.o
 .group         0x00000000        0xc build-sim/uart.o
 .group         0x00000000        0xc build-sim/uart.o
 .text          0x00000000        0x0 build-sim/uart.o
 .data          0x00000000        0x0 build-sim/uart.o
 .bss           0x00000000        0x0 build-sim/uart.o
 .text.uart_init
                0x00000000       0x24 build-sim/uart.o
 .text.uart_putc
                0x00000000       0x14 build-sim/uart.o
 .text.uart_puts
                0x00000000       0x24 build-sim/uart.o
 .text.uart_puthex
                0x00000000       0x30 build-sim/uart.o
 .rodata.digits.0
                0x00000000       0x11 build-sim/uart.o
 .debug_info    0x00000000      0x247 build-sim/uart.o
 .debug_abbrev  0x00000000      0x12b build-sim/uart.o
 .debug_loclists
                0x00000000       0xa1 build-sim/uart.o
 .debug_aranges
                0x00000000       0x38 build-sim/uart.o
 .debug_rnglists
                0x00000000       0x25 build-sim/uart.o
 .debug_macro   0x00000000       0x89 build-sim/uart.o
 .debug_macro   0x00000000      0xac0 build-sim/uart.o
 .debug_macro   0x00000000      0x14b build-sim/uart.o
 .debug_macro   0x00000000       0x9c build-sim/uart.o
 .debug_macro   0x00000000       0x46 build-sim/uart.o
 .debug_macro   0x00000000       0x58 build-sim/uart.o
 .debug_macro   0x00000000       0x5b build-sim/uart.o
 .debug_macro   0x00000000      0x23f build-sim/uart.o
 .debug_macro   0x00000000       0x6a build-sim/uart.o
 .debug_macro   0x00000000      0x103 build-sim/uart.o
 .debug_macro   0x00000000      0x2be build-sim/uart.o
 .debug_macro   0x00000000       0x70 build-sim/uart.o
 .debug_line    0x00000000      0x204 build-sim/uart.o
 .debug_str     0x00000000     0x57b2 build-sim/uart.o
 .comment       0x00000000       0x29 build-sim/uart.o
 .debug_frame   0x00000000       0x70 build-sim/uart.o
 .ARM.attributes
                0x00000000       0x2c build-sim/uart.o
 .text          0x00000000      0x114 /usr/lib/gcc/arm-none-eabi/15/thumb/v6-m/nofp/libgcc.a(_udivsi3.o)
 .data          0x00000000        0x0 /usr/lib/gcc/arm-none-eabi/15/thumb/v6-m/nofp/libgcc.a(_udivsi3.o)
 .bss           0x00000000        0x0 /usr/lib/gcc/arm-none-eabi/15/thumb/v6-m/nofp/libgcc.a(_udivsi3.o)
 .debug_frame   0x00000000       0x20 /usr/lib/gcc/arm-none-eabi/15/thumb/v6-m/nofp/libgcc.a(_udivsi3.o)
 .debug_line    0x00000000       0x56 /usr/lib/gcc/arm-none-eabi/15/thumb/v6-m/nofp/libgcc.a(_udivsi3.o)
 .debug_line_str
                0x00000000       0xa0 /usr/lib/gcc/arm-none-eabi/15/thumb/v6-m/nofp/libgcc.a(_udivsi3.o)
 .debug_info    0x00000000       0x3e /usr/lib/gcc/arm-none-eabi/15/thumb/v6-m/nofp/libgcc.a(_udivsi3.o)
 .debug_abbrev  0x00000000       0x28 /usr/lib/gcc/arm-none-eabi/15/thumb/v6-m/nofp/libgcc.a(_udivsi3.o)
 .debug_aranges
                0x00000000       0x20 /usr/lib/gcc/arm-none-eabi/15/thumb/v6-m/nofp/libgcc.a(_udivsi3.o)
 .debug_str     0x00000000       0xc7 /usr/lib/gcc/arm-none-eabi/15/thumb/v6-m/nofp/libgcc.a(_udivsi3.o)
 .ARM.attributes
                0x00000000       0x1e /usr/lib/gcc/arm-none-eabi/15/thumb/v6-m/nofp/libgcc.a(_udivsi3.o)
 .text          0x00000000        0x4 /usr/lib/gcc/arm-none-eabi/15/thumb/v6-m/nofp/libgcc.a(_dvmd_tls.o)
 .data          0x00000000        0x0 /usr/lib/gcc/arm-none-eabi/15/thumb/v6-m/nofp/libgcc.a(_dvmd_tls.o)
 .bss           0x00000000        0x0 /usr/lib/gcc/arm-none-eabi/15/thumb/v6-m/nofp/libgcc.a(_dvmd_tls.o)
 .debug_line    0x00000000       0x4a /usr/lib/gcc/arm-none-eabi/15/thumb/v6-m/nofp/libgcc.a(_dvmd_tls.o)
 .debug_line_str
                0x00000000       0xa0 /usr/lib/gcc/arm-none-eabi/15/thumb/v6-m/nofp/libgcc.a(_dvmd_tls.o)
 .debug_info    0x00000000       0x3c /usr/lib/gcc/arm-none-eabi/15/thumb/v6-m/nofp/libgcc.a(_dvmd_tls.o)
 .debug_abbrev  0x00000000       0x26 /usr/lib/gcc/arm-none-eabi/15/thumb/v6-m/nofp/libgcc.a(_dvmd_tls.o)
 .debug_aranges
                0x00000000       0x20 /usr/lib/gcc/arm-none-eabi/15/thumb/v6-m/nofp/libgcc.a(_dvmd_tls.o)
 .debug_str     0x00000000       0xc8 /usr/lib/gcc/arm-none-eabi/15/thumb/v6-m/nofp/libgcc.a(_dvmd_tls.o)
 .ARM.attributes
                0x00000000       0x1e /usr/lib/gcc/arm-none-eabi/15/thumb/v6-m/nofp/libgcc.a(_dvmd_tls.o)

Memory Configuration

Name             Origin             Length             Attributes
ITCM             0x00000000         0x00004000         xr
DTCM             0x20000000         0x00002000         xrw
*default*        0x00000000         0xffffffff

Linker script and memory map

LOAD build-sim/main.o
LOAD build-sim/startup.o
LOAD build-sim/uart.o
LOAD /usr/lib/gcc/arm-none-eabi/15/thumb/v6-m/nofp/libgcc.a

.isr_vector     0x00000000       0x40
 *(.isr_vector)
 .isr_vector    0x00000000       0x40 build-sim/startup.o
                0x00000000                vector_table

.text           0x00000040       0x88
 *(.text*)
 .text.delay    0x00000040       0x12 build-sim/main.o
 .text.main     0x00000052       0x28 build-sim/main.o
                0x00000052                main
 .text.Default_Handler
                0x0000007a        0x2 build-sim/startup.o
                0x0000007a                HardFault_Handler
                0x0000007a                SysTick_Handler
                0x0000007a                PendSV_Handler
                0x0000007a                NMI_Handler
                0x0000007a                SVC_Handler
 .text.Reset_Handler
                0x0000007c       0x10 build-sim/startup.o
                0x0000007c                Reset_Handler
 .text.reset_main
                0x0000008c       0x3c build-sim/startup.o
                0x0000008c                reset_main
 *(.rodata*)
                0x000000c8                        . = ALIGN (0x4)
                0x000000c8                        _sidata = LOADADDR (.data)

.glue_7         0x000000c8        0x0
 .glue_7        0x000000c8        0x0 linker stubs

.glue_7t        0x000000c8        0x0
 .glue_7t       0x000000c8        0x0 linker stubs

.vfp11_veneer   0x000000c8        0x0
 .vfp11_veneer  0x000000c8        0x0 linker stubs

.v4_bx          0x000000c8        0x0
 .v4_bx         0x000000c8        0x0 linker stubs

.iplt           0x000000c8        0x0
 .iplt          0x000000c8        0x0 build-sim/main.o

.rel.dyn        0x000000c8        0x0
 .rel.iplt      0x000000c8        0x0 build-sim/main.o

.data           0x20000000        0x0 load address 0x000000c8
                0x20000000                        . = ALIGN (0x4)
                0x20000000                        _sdata = .
 *(.data*)
                0x20000000                        . = ALIGN (0x4)
                0x20000000                        _edata = .

.igot.plt       0x20000000        0x0 load address 0x000000c8
 .igot.plt      0x20000000        0x0 build-sim/main.o

.bss            0x20000000        0x0 load address 0x000000c8
                0x20000000                        . = ALIGN (0x4)
                0x20000000                        _sbss = .
 *(.bss*)
 *(COMMON)
                0x20000000                        . = ALIGN (0x4)
                0x20000000                        _ebss = .
                0x20002000                        _estack = (ORIGIN (DTCM) + LENGTH (DTCM))
OUTPUT(build-sim/blink_sim.elf elf32-littlearm)
LOAD linker stubs

.debug_info     0x00000000      0x2aa
 .debug_info    0x00000000      0x135 build-sim/main.o
 .debug_info    0x00000135      0x175 build-sim/startup.o

.debug_abbrev   0x00000000      0x1f2
 .debug_abbrev  0x00000000       0xdd build-sim/main.o
 .debug_abbrev  0x000000dd      0x115 build-sim/startup.o

.debug_aranges  0x00000000       0x58
 .debug_aranges
                0x00000000       0x28 build-sim/main.o
 .debug_aranges
                0x00000028       0x30 build-sim/startup.o

.debug_rnglists
                0x00000000       0x38
 .debug_rnglists
                0x00000000       0x19 build-sim/main.o
 .debug_rnglists
                0x00000019       0x1f build-sim/startup.o

.debug_macro    0x00000000     0x1529
 .debug_macro   0x00000000       0x89 build-sim/main.o
 .debug_macro   0x00000089      0xac0 build-sim/main.o
 .debug_macro   0x00000b49      0x14b build-sim/main.o
 .debug_macro   0x00000c94       0x9c build-sim/main.o
 .debug_macro   0x00000d30       0x46 build-sim/main.o
 .debug_macro   0x00000d76       0x58 build-sim/main.o
 .debug_macro   0x00000dce       0x5b build-sim/main.o
 .debug_macro   0x00000e29      0x23f build-sim/main.o
 .debug_macro   0x00001068       0x6a build-sim/main.o
 .debug_macro   0x000010d2      0x103 build-sim/main.o
 .debug_macro   0x000011d5      0x2be build-sim/main.o
 .debug_macro   0x00001493       0x1c build-sim/main.o
 .debug_macro   0x000014af       0x7a build-sim/startup.o

.debug_line     0x00000000      0x30f
 .debug_line    0x00000000      0x18a build-sim/main.o
 .debug_line    0x0000018a      0x185 build-sim/startup.o

.debug_str      0x00000000     0x52ed
 .debug_str     0x00000000     0x52ed build-sim/main.o
                               0x5592 (size before relaxing)
 .debug_str     0x000052ed        0x0 build-sim/startup.o
                               0x5589 (size before relaxing)

.comment        0x00000000       0x28
 .comment       0x00000000       0x28 build-sim/main.o
                                 0x29 (size before relaxing)
 .comment       0x00000028        0x0 build-sim/startup.o
                                 0x29 (size before relaxing)

.ARM.attributes
                0x00000000       0x2c
 .ARM.attributes
                0x00000000       0x2c build-sim/main.o
 .ARM.attributes
                0x0000002c       0x2c build-sim/startup.o

.debug_frame    0x00000000       0x88
 .debug_frame   0x00000000       0x40 build-sim/main.o
 .debug_frame   0x00000040       0x48 build-sim/startup.o

.debug_loclists
                0x00000000       0x5d
 .debug_loclists
                0x00000000       0x5d build-sim/startup.o
