Reading netlist file: "/home/akiel/trunk/pub/cortexm1_clone/boards/gw5a25/bench/impl/gwsynthesis/empu_bench.vg"
Parsing netlist file "/home/akiel/trunk/pub/cortexm1_clone/boards/gw5a25/bench/impl/gwsynthesis/empu_bench.vg" completed
Processing netlist completed
Reading constraint file: "/home/akiel/trunk/pub/cortexm1_clone/boards/gw5a25/bench/bench.cst"
Physical Constraint parsed completed
Running placement......
[10%] Placement Phase 0 completed
[20%] Placement Phase 1 completed
[30%] Placement Phase 2 completed
WARN  (TA1132) :  'JTAG_9' was determined to be a clock but was not created.
[50%] Placement Phase 3 completed
Running routing......
[60%] Routing Phase 0 completed
[70%] Routing Phase 1 completed
[80%] Routing Phase 2 completed
[90%] Routing Phase 3 completed
Running timing analysis......
[95%] Timing analysis completed
Placement and routing completed
Bitstream generation in progress......
Bitstream generation completed
Running power analysis......
[100%] Power analysis completed
Generate file "/home/akiel/trunk/pub/cortexm1_clone/boards/gw5a25/bench/impl/pnr/empu_bench.power.html" completed
Generate file "/home/akiel/trunk/pub/cortexm1_clone/boards/gw5a25/bench/impl/pnr/empu_bench.pin.html" completed
Generate file "/home/akiel/trunk/pub/cortexm1_clone/boards/gw5a25/bench/impl/pnr/empu_bench.rpt.html" completed
Generate file "/home/akiel/trunk/pub/cortexm1_clone/boards/gw5a25/bench/impl/pnr/empu_bench.rpt.txt" completed
Generate file "/home/akiel/trunk/pub/cortexm1_clone/boards/gw5a25/bench/impl/pnr/empu_bench.tr.html" completed
Mon Aug 17 19:38:17 2026

