
Merging object attributes


Discarded input sections

 .data          0x00000000        0x0 build/isatest.o
 .bss           0x00000000        0x0 build/isatest.o

Memory Configuration

Name             Origin             Length             Attributes
ITCM             0x00000000         0x00008000         xr
DTCM             0x20000000         0x00004000         xrw
*default*        0x00000000         0xffffffff

Linker script and memory map

LOAD build/isatest.o
LOAD /usr/lib/gcc/arm-none-eabi/15/thumb/v6-m/nofp/libgcc.a

.isr_vector     0x00000000        0x8
 *(.isr_vector)
 .isr_vector    0x00000000        0x8 build/isatest.o

.text           0x00000008      0x500
 *(.text*)
 .text          0x00000008      0x500 build/isatest.o
                0x00000008                reset
 *(.rodata*)
                0x00000508                        . = ALIGN (0x4)

.glue_7         0x00000508        0x0
 .glue_7        0x00000508        0x0 linker stubs

.glue_7t        0x00000508        0x0
 .glue_7t       0x00000508        0x0 linker stubs

.vfp11_veneer   0x00000508        0x0
 .vfp11_veneer  0x00000508        0x0 linker stubs

.v4_bx          0x00000508        0x0
 .v4_bx         0x00000508        0x0 linker stubs

.iplt           0x00000508        0x0
 .iplt          0x00000508        0x0 build/isatest.o

.rel.dyn        0x00000508        0x0
 .rel.iplt      0x00000508        0x0 build/isatest.o

.results        0x20000000        0x0
                0x20000000                        . = ALIGN (0x4)
 *(.results)
                0x20000000                        . = ALIGN (0x4)
                0x00000508                        _sidata = LOADADDR (.data)

.data           0x20000000        0x0 load address 0x00000508
                0x20000000                        . = ALIGN (0x4)
                0x20000000                        _sdata = .
 *(.data*)
                0x20000000                        . = ALIGN (0x4)
                0x20000000                        _edata = .

.igot.plt       0x20000000        0x0 load address 0x00000508
 .igot.plt      0x20000000        0x0 build/isatest.o

.bss            0x20000000        0x0 load address 0x00000508
                0x20000000                        . = ALIGN (0x4)
                0x20000000                        _sbss = .
 *(.bss*)
 *(COMMON)
                0x20000000                        . = ALIGN (0x4)
                0x20000000                        _ebss = .
                0x20004000                        _estack = (ORIGIN (DTCM) + LENGTH (DTCM))
OUTPUT(build/isatest.elf elf32-littlearm)
LOAD linker stubs

.ARM.attributes
                0x00000000       0x21
 .ARM.attributes
                0x00000000       0x21 build/isatest.o

.debug_line     0x00000000      0x1ed
 .debug_line    0x00000000      0x1ed build/isatest.o

.debug_line_str
                0x00000000       0x3c
 .debug_line_str
                0x00000000       0x3c build/isatest.o

.debug_info     0x00000000       0x25
 .debug_info    0x00000000       0x25 build/isatest.o

.debug_abbrev   0x00000000       0x14
 .debug_abbrev  0x00000000       0x14 build/isatest.o

.debug_aranges  0x00000000       0x20
 .debug_aranges
                0x00000000       0x20 build/isatest.o

.debug_str      0x00000000       0x48
 .debug_str     0x00000000       0x48 build/isatest.o
