
Merging object attributes


Discarded input sections

 .group         0x00000000        0xc build/startup.o
 .group         0x00000000        0xc build/startup.o
 .group         0x00000000        0xc build/startup.o
 .group         0x00000000        0xc build/startup.o
 .group         0x00000000        0xc build/startup.o
 .group         0x00000000        0xc build/startup.o
 .group         0x00000000        0xc build/startup.o
 .group         0x00000000        0xc build/startup.o
 .group         0x00000000        0xc build/startup.o
 .group         0x00000000        0xc build/startup.o
 .text          0x00000000        0x0 build/startup.o
 .data          0x00000000        0x0 build/startup.o
 .bss           0x00000000        0x0 build/startup.o
 .group         0x00000000        0xc build/blink_sim.o
 .group         0x00000000        0xc build/blink_sim.o
 .group         0x00000000        0xc build/blink_sim.o
 .group         0x00000000        0xc build/blink_sim.o
 .group         0x00000000        0xc build/blink_sim.o
 .group         0x00000000        0xc build/blink_sim.o
 .group         0x00000000        0xc build/blink_sim.o
 .group         0x00000000        0xc build/blink_sim.o
 .group         0x00000000        0xc build/blink_sim.o
 .group         0x00000000        0xc build/blink_sim.o
 .group         0x00000000        0xc build/blink_sim.o
 .text          0x00000000        0x0 build/blink_sim.o
 .data          0x00000000        0x0 build/blink_sim.o
 .bss           0x00000000        0x0 build/blink_sim.o
 .debug_macro   0x00000000      0x14b build/blink_sim.o
 .debug_macro   0x00000000       0x9c build/blink_sim.o
 .debug_macro   0x00000000       0x46 build/blink_sim.o
 .debug_macro   0x00000000       0x58 build/blink_sim.o
 .debug_macro   0x00000000       0x5b build/blink_sim.o
 .debug_macro   0x00000000      0x23f build/blink_sim.o
 .debug_macro   0x00000000       0x6a build/blink_sim.o
 .debug_macro   0x00000000      0x103 build/blink_sim.o
 .debug_macro   0x00000000      0x2be build/blink_sim.o

Memory Configuration

Name             Origin             Length             Attributes
ITCM             0x00000000         0x00004000         xr
DTCM             0x20000000         0x00002000         xrw
*default*        0x00000000         0xffffffff

Linker script and memory map

LOAD build/startup.o
LOAD build/blink_sim.o

.isr_vector     0x00000000       0x40
 *(.isr_vector)
 .isr_vector    0x00000000       0x40 build/startup.o
                0x00000000                vector_table

.text           0x00000040       0x7c
 *(.text*)
 .text.Default_Handler
                0x00000040        0x2 build/startup.o
                0x00000040                HardFault_Handler
                0x00000040                SysTick_Handler
                0x00000040                PendSV_Handler
                0x00000040                NMI_Handler
                0x00000040                SVC_Handler
 *fill*         0x00000042        0x2 
 .text.Reset_Handler
                0x00000044       0x3c build/startup.o
                0x00000044                Reset_Handler
 .text.delay    0x00000080       0x12 build/blink_sim.o
 .text.main     0x00000092       0x28 build/blink_sim.o
                0x00000092                main
 *(.rodata*)
                0x000000bc                        . = ALIGN (0x4)
 *fill*         0x000000ba        0x2 
                0x000000bc                        _sidata = LOADADDR (.data)

.glue_7         0x000000bc        0x0
 .glue_7        0x000000bc        0x0 linker stubs

.glue_7t        0x000000bc        0x0
 .glue_7t       0x000000bc        0x0 linker stubs

.vfp11_veneer   0x000000bc        0x0
 .vfp11_veneer  0x000000bc        0x0 linker stubs

.v4_bx          0x000000bc        0x0
 .v4_bx         0x000000bc        0x0 linker stubs

.iplt           0x000000bc        0x0
 .iplt          0x000000bc        0x0 build/startup.o

.rel.dyn        0x000000bc        0x0
 .rel.iplt      0x000000bc        0x0 build/startup.o

.data           0x20000000        0x0 load address 0x000000bc
                0x20000000                        . = ALIGN (0x4)
                0x20000000                        _sdata = .
 *(.data*)
                0x20000000                        . = ALIGN (0x4)
                0x20000000                        _edata = .

.igot.plt       0x20000000        0x0 load address 0x000000bc
 .igot.plt      0x20000000        0x0 build/startup.o

.bss            0x20000000        0x0 load address 0x000000bc
                0x20000000                        . = ALIGN (0x4)
                0x20000000                        _sbss = .
 *(.bss*)
 *(COMMON)
                0x20000000                        . = ALIGN (0x4)
                0x20000000                        _ebss = .
                0x20002000                        _estack = (ORIGIN (DTCM) + LENGTH (DTCM))
OUTPUT(build/blink_sim.elf elf32-littlearm)
LOAD linker stubs

.debug_info     0x00000000      0x298
 .debug_info    0x00000000      0x163 build/startup.o
 .debug_info    0x00000163      0x135 build/blink_sim.o

.debug_abbrev   0x00000000      0x1d6
 .debug_abbrev  0x00000000       0xf9 build/startup.o
 .debug_abbrev  0x000000f9       0xdd build/blink_sim.o

.debug_loclists
                0x00000000       0x5d
 .debug_loclists
                0x00000000       0x5d build/startup.o

.debug_aranges  0x00000000       0x50
 .debug_aranges
                0x00000000       0x28 build/startup.o
 .debug_aranges
                0x00000028       0x28 build/blink_sim.o

.debug_rnglists
                0x00000000       0x32
 .debug_rnglists
                0x00000000       0x19 build/startup.o
 .debug_rnglists
                0x00000019       0x19 build/blink_sim.o

.debug_macro    0x00000000     0x1fe3
 .debug_macro   0x00000000       0x7a build/startup.o
 .debug_macro   0x0000007a      0xaba build/startup.o
 .debug_macro   0x00000b34      0x14b build/startup.o
 .debug_macro   0x00000c7f       0x9c build/startup.o
 .debug_macro   0x00000d1b       0x46 build/startup.o
 .debug_macro   0x00000d61       0x58 build/startup.o
 .debug_macro   0x00000db9       0x5b build/startup.o
 .debug_macro   0x00000e14      0x23f build/startup.o
 .debug_macro   0x00001053       0x6a build/startup.o
 .debug_macro   0x000010bd      0x103 build/startup.o
 .debug_macro   0x000011c0      0x2be build/startup.o
 .debug_macro   0x0000147e       0x89 build/blink_sim.o
 .debug_macro   0x00001507      0xac0 build/blink_sim.o
 .debug_macro   0x00001fc7       0x1c build/blink_sim.o

.debug_line     0x00000000      0x2e4
 .debug_line    0x00000000      0x163 build/startup.o
 .debug_line    0x00000163      0x181 build/blink_sim.o

.debug_str      0x00000000     0x52d3
 .debug_str     0x00000000     0x52d3 build/startup.o
                               0x5559 (size before relaxing)
 .debug_str     0x000052d3        0x0 build/blink_sim.o
                               0x5588 (size before relaxing)

.comment        0x00000000       0x28
 .comment       0x00000000       0x28 build/startup.o
                                 0x29 (size before relaxing)
 .comment       0x00000028        0x0 build/blink_sim.o
                                 0x29 (size before relaxing)

.ARM.attributes
                0x00000000       0x2c
 .ARM.attributes
                0x00000000       0x2c build/startup.o
 .ARM.attributes
                0x0000002c       0x2c build/blink_sim.o

.debug_frame    0x00000000       0x78
 .debug_frame   0x00000000       0x38 build/startup.o
 .debug_frame   0x00000038       0x40 build/blink_sim.o
