
Merging object attributes


Discarded input sections

 .group         0x00000000        0xc build-sim/main.o
 .group         0x00000000        0xc build-sim/main.o
 .group         0x00000000        0xc build-sim/main.o
 .group         0x00000000        0xc build-sim/main.o
 .group         0x00000000        0xc build-sim/main.o
 .group         0x00000000        0xc build-sim/main.o
 .group         0x00000000        0xc build-sim/main.o
 .group         0x00000000        0xc build-sim/main.o
 .group         0x00000000        0xc build-sim/main.o
 .group         0x00000000        0xc build-sim/main.o
 .group         0x00000000        0xc build-sim/main.o
 .text          0x00000000        0x0 build-sim/main.o
 .data          0x00000000        0x0 build-sim/main.o
 .bss           0x00000000        0x0 build-sim/main.o
 .group         0x00000000        0xc build-sim/startup.o
 .group         0x00000000        0xc build-sim/startup.o
 .group         0x00000000        0xc build-sim/startup.o
 .group         0x00000000        0xc build-sim/startup.o
 .group         0x00000000        0xc build-sim/startup.o
 .group         0x00000000        0xc build-sim/startup.o
 .group         0x00000000        0xc build-sim/startup.o
 .group         0x00000000        0xc build-sim/startup.o
 .group         0x00000000        0xc build-sim/startup.o
 .group         0x00000000        0xc build-sim/startup.o
 .text          0x00000000        0x0 build-sim/startup.o
 .data          0x00000000        0x0 build-sim/startup.o
 .bss           0x00000000        0x0 build-sim/startup.o
 .debug_macro   0x00000000      0xac6 build-sim/startup.o
 .debug_macro   0x00000000      0x14b build-sim/startup.o
 .debug_macro   0x00000000       0x9c build-sim/startup.o
 .debug_macro   0x00000000       0x46 build-sim/startup.o
 .debug_macro   0x00000000       0x58 build-sim/startup.o
 .debug_macro   0x00000000       0x5b build-sim/startup.o
 .debug_macro   0x00000000      0x23f build-sim/startup.o
 .debug_macro   0x00000000       0x6a build-sim/startup.o
 .debug_macro   0x00000000      0x103 build-sim/startup.o
 .debug_macro   0x00000000      0x2be build-sim/startup.o
 .group         0x00000000        0xc build-sim/uart.o
 .group         0x00000000        0xc build-sim/uart.o
 .group         0x00000000        0xc build-sim/uart.o
 .group         0x00000000        0xc build-sim/uart.o
 .group         0x00000000        0xc build-sim/uart.o
 .group         0x00000000        0xc build-sim/uart.o
 .group         0x00000000        0xc build-sim/uart.o
 .group         0x00000000        0xc build-sim/uart.o
 .group         0x00000000        0xc build-sim/uart.o
 .group         0x00000000        0xc build-sim/uart.o
 .group         0x00000000        0xc build-sim/uart.o
 .text          0x00000000        0x0 build-sim/uart.o
 .data          0x00000000        0x0 build-sim/uart.o
 .bss           0x00000000        0x0 build-sim/uart.o
 .debug_macro   0x00000000      0xac6 build-sim/uart.o
 .debug_macro   0x00000000      0x14b build-sim/uart.o
 .debug_macro   0x00000000       0x9c build-sim/uart.o
 .debug_macro   0x00000000       0x46 build-sim/uart.o
 .debug_macro   0x00000000       0x58 build-sim/uart.o
 .debug_macro   0x00000000       0x5b build-sim/uart.o
 .debug_macro   0x00000000      0x23f build-sim/uart.o
 .debug_macro   0x00000000       0x6a build-sim/uart.o
 .debug_macro   0x00000000      0x103 build-sim/uart.o
 .debug_macro   0x00000000      0x2be build-sim/uart.o
 .debug_macro   0x00000000       0x76 build-sim/uart.o

Memory Configuration

Name             Origin             Length             Attributes
ITCM             0x00000000         0x00008000         xr
DTCM             0x20000000         0x00004000         xrw
*default*        0x00000000         0xffffffff

Linker script and memory map

LOAD build-sim/main.o
LOAD build-sim/startup.o
LOAD build-sim/uart.o
LOAD /usr/lib/gcc/arm-none-eabi/15/thumb/v6-m/nofp/libgcc.a

.isr_vector     0x00000000       0xc0
 *(.isr_vector)
 .isr_vector    0x00000000       0xc0 build-sim/startup.o
                0x00000000                vector_table

.text           0x000000c0      0x15c
 *(.text*)
 .text.delay    0x000000c0       0x12 build-sim/main.o
 *fill*         0x000000d2        0x2 
 .text.main     0x000000d4       0x54 build-sim/main.o
                0x000000d4                main
 .text.Default_Handler
                0x00000128        0x2 build-sim/startup.o
                0x00000128                GPIO0_13_Handler
                0x00000128                EXTINT_1_Handler
                0x00000128                GPIO0_14_Handler
                0x00000128                TRNG_Handler
                0x00000128                HardFault_Handler
                0x00000128                TIMER0_Handler
                0x00000128                SysTick_Handler
                0x00000128                PendSV_Handler
                0x00000128                NMI_Handler
                0x00000128                DTimer_Handler
                0x00000128                EXTINT_2_Handler
                0x00000128                GPIO0_4_Handler
                0x00000128                TIMER1_Handler
                0x00000128                GPIO0_15_Handler
                0x00000128                RTC_Handler
                0x00000128                UARTOVF_Handler
                0x00000128                GPIO0_2_Handler
                0x00000128                GPIO0_3_Handler
                0x00000128                GPIO0_9_Handler
                0x00000128                UART1_Handler
                0x00000128                I2C_Handler
                0x00000128                EXTINT_3_Handler
                0x00000128                GPIO0_6_Handler
                0x00000128                SVC_Handler
                0x00000128                GPIO0_1_Handler
                0x00000128                GPIO0_5_Handler
                0x00000128                GPIO0_0_Handler
                0x00000128                GPIO0_12_Handler
                0x00000128                GPIO0_11_Handler
                0x00000128                UART0_Handler
                0x00000128                GPIO0_8_Handler
                0x00000128                ENT_Handler
                0x00000128                CAN_Handler
                0x00000128                GPIO0_7_Handler
                0x00000128                GPIO0_10_Handler
                0x00000128                GPIO0_Handler
                0x00000128                EXTINT_0_Handler
 *fill*         0x0000012a        0x2 
 .text.Reset_Handler
                0x0000012c       0x10 build-sim/startup.o
                0x0000012c                Reset_Handler
 .text.reset_main
                0x0000013c       0x3c build-sim/startup.o
                0x0000013c                reset_main
 .text.uart_init
                0x00000178       0x10 build-sim/uart.o
                0x00000178                uart_init
 .text.uart_putc
                0x00000188       0x14 build-sim/uart.o
                0x00000188                uart_putc
 .text.uart_puts
                0x0000019c       0x24 build-sim/uart.o
                0x0000019c                uart_puts
 .text.uart_puthex
                0x000001c0       0x30 build-sim/uart.o
                0x000001c0                uart_puthex
 *(.rodata*)
 .rodata.main.str1.4
                0x000001f0       0x16 build-sim/main.o
                                 0x1a (size before relaxing)
 *fill*         0x00000206        0x2 
 .rodata.digits.0
                0x00000208       0x11 build-sim/uart.o
                0x0000021c                        . = ALIGN (0x4)
 *fill*         0x00000219        0x3 

.glue_7         0x0000021c        0x0
 .glue_7        0x0000021c        0x0 linker stubs

.glue_7t        0x0000021c        0x0
 .glue_7t       0x0000021c        0x0 linker stubs

.vfp11_veneer   0x0000021c        0x0
 .vfp11_veneer  0x0000021c        0x0 linker stubs

.v4_bx          0x0000021c        0x0
 .v4_bx         0x0000021c        0x0 linker stubs

.iplt           0x0000021c        0x0
 .iplt          0x0000021c        0x0 build-sim/main.o

.rel.dyn        0x0000021c        0x0
 .rel.iplt      0x0000021c        0x0 build-sim/main.o

.results        0x20000000        0x0
                0x20000000                        . = ALIGN (0x4)
 *(.results)
                0x20000000                        . = ALIGN (0x4)
                0x0000021c                        _sidata = LOADADDR (.data)

.data           0x20000000        0x0 load address 0x0000021c
                0x20000000                        . = ALIGN (0x4)
                0x20000000                        _sdata = .
 *(.data*)
                0x20000000                        . = ALIGN (0x4)
                0x20000000                        _edata = .

.igot.plt       0x20000000        0x0 load address 0x0000021c
 .igot.plt      0x20000000        0x0 build-sim/main.o

.bss            0x20000000        0x0 load address 0x0000021c
                0x20000000                        . = ALIGN (0x4)
                0x20000000                        _sbss = .
 *(.bss*)
 *(COMMON)
                0x20000000                        . = ALIGN (0x4)
                0x20000000                        _ebss = .
                0x20004000                        _estack = (ORIGIN (DTCM) + LENGTH (DTCM))
OUTPUT(build-sim/hello_sim.elf elf32-littlearm)
LOAD linker stubs

.debug_info     0x00000000      0x597
 .debug_info    0x00000000      0x1fa build-sim/main.o
 .debug_info    0x000001fa      0x175 build-sim/startup.o
 .debug_info    0x0000036f      0x228 build-sim/uart.o

.debug_abbrev   0x00000000      0x378
 .debug_abbrev  0x00000000      0x11f build-sim/main.o
 .debug_abbrev  0x0000011f      0x115 build-sim/startup.o
 .debug_abbrev  0x00000234      0x144 build-sim/uart.o

.debug_loclists
                0x00000000       0xf0
 .debug_loclists
                0x00000000       0x21 build-sim/main.o
 .debug_loclists
                0x00000021       0x5d build-sim/startup.o
 .debug_loclists
                0x0000007e       0x72 build-sim/uart.o

.debug_aranges  0x00000000       0x90
 .debug_aranges
                0x00000000       0x28 build-sim/main.o
 .debug_aranges
                0x00000028       0x30 build-sim/startup.o
 .debug_aranges
                0x00000058       0x38 build-sim/uart.o

.debug_rnglists
                0x00000000       0x5d
 .debug_rnglists
                0x00000000       0x19 build-sim/main.o
 .debug_rnglists
                0x00000019       0x1f build-sim/startup.o
 .debug_rnglists
                0x00000038       0x25 build-sim/uart.o

.debug_macro    0x00000000     0x1626
 .debug_macro   0x00000000       0x93 build-sim/main.o
 .debug_macro   0x00000093      0xac6 build-sim/main.o
 .debug_macro   0x00000b59      0x14b build-sim/main.o
 .debug_macro   0x00000ca4       0x9c build-sim/main.o
 .debug_macro   0x00000d40       0x46 build-sim/main.o
 .debug_macro   0x00000d86       0x58 build-sim/main.o
 .debug_macro   0x00000dde       0x5b build-sim/main.o
 .debug_macro   0x00000e39      0x23f build-sim/main.o
 .debug_macro   0x00001078       0x6a build-sim/main.o
 .debug_macro   0x000010e2      0x103 build-sim/main.o
 .debug_macro   0x000011e5      0x2be build-sim/main.o
 .debug_macro   0x000014a3       0x76 build-sim/main.o
 .debug_macro   0x00001519       0x7a build-sim/startup.o
 .debug_macro   0x00001593       0x93 build-sim/uart.o

.debug_line     0x00000000      0x521
 .debug_line    0x00000000      0x19c build-sim/main.o
 .debug_line    0x0000019c      0x187 build-sim/startup.o
 .debug_line    0x00000323      0x1fe build-sim/uart.o

.debug_str      0x00000000     0x5514
 .debug_str     0x00000000     0x5514 build-sim/main.o
                               0x5774 (size before relaxing)
 .debug_str     0x00005514        0x0 build-sim/startup.o
                               0x55a3 (size before relaxing)
 .debug_str     0x00005514        0x0 build-sim/uart.o
                               0x57a0 (size before relaxing)

.comment        0x00000000       0x28
 .comment       0x00000000       0x28 build-sim/main.o
                                 0x29 (size before relaxing)
 .comment       0x00000028        0x0 build-sim/startup.o
                                 0x29 (size before relaxing)
 .comment       0x00000028        0x0 build-sim/uart.o
                                 0x29 (size before relaxing)

.ARM.attributes
                0x00000000       0x2c
 .ARM.attributes
                0x00000000       0x2c build-sim/main.o
 .ARM.attributes
                0x0000002c       0x2c build-sim/startup.o
 .ARM.attributes
                0x00000058       0x2c build-sim/uart.o

.debug_frame    0x00000000       0xf0
 .debug_frame   0x00000000       0x40 build-sim/main.o
 .debug_frame   0x00000040       0x48 build-sim/startup.o
 .debug_frame   0x00000088       0x68 build-sim/uart.o
