GowinSynthesis start
Running parser ...
Analyzing Verilog file '/home/akiel/trunk/pub/cortexm1_clone/boards/gw5a25/src/gowin_empu_m1/gowin_empu_m1.v'
Analyzing Verilog file '/home/akiel/trunk/pub/cortexm1_clone/boards/gw5a25/bench/src/gowin_pll/gowin_pll.v'
Analyzing Verilog file '/home/akiel/trunk/pub/cortexm1_clone/boards/gw5a25/bench/src/gowin_pll/gowin_pll_mod.v'
Analyzing Verilog file '/home/akiel/trunk/pub/cortexm1_clone/boards/gw5a25/bench/src/pll_init.v'
Analyzing Verilog file '/home/akiel/trunk/pub/cortexm1_clone/boards/gw5a25/bench/empu_bench_top.v'
Compiling module 'empu_bench_top'("/home/akiel/trunk/pub/cortexm1_clone/boards/gw5a25/bench/empu_bench_top.v":33)
Compiling module 'Gowin_PLL'("/home/akiel/trunk/pub/cortexm1_clone/boards/gw5a25/bench/src/gowin_pll/gowin_pll.v":1)
Compiling module 'Gowin_PLL_MOD'("/home/akiel/trunk/pub/cortexm1_clone/boards/gw5a25/bench/src/gowin_pll/gowin_pll_mod.v":11)
Compiling module 'PLL_INIT(MULTI_FAC=14)'("/home/akiel/trunk/pub/cortexm1_clone/boards/gw5a25/bench/src/pll_init.v":4)
Compiling module 'Gowin_EMPU_M1_Top'("/home/akiel/trunk/pub/cortexm1_clone/boards/gw5a25/src/gowin_empu_m1/gowin_empu_m1.v":40382)
Compiling module '**'("/home/akiel/trunk/pub/cortexm1_clone/boards/gw5a25/src/gowin_empu_m1/gowin_empu_m1.v":34857)
Compiling module '**'("/home/akiel/trunk/pub/cortexm1_clone/boards/gw5a25/src/gowin_empu_m1/gowin_empu_m1.v":40381)
NOTE  (EX0101) : Current top module is "empu_bench_top"
[5%] Running netlist conversion ...
Running device independent optimization ...
[10%] Optimizing Phase 0 completed
[15%] Optimizing Phase 1 completed
[25%] Optimizing Phase 2 completed
Running inference ...
[30%] Inferring Phase 0 completed
[40%] Inferring Phase 1 completed
[50%] Inferring Phase 2 completed
[55%] Inferring Phase 3 completed
Running technical mapping ...
[60%] Tech-Mapping Phase 0 completed
[65%] Tech-Mapping Phase 1 completed
[75%] Tech-Mapping Phase 2 completed
[80%] Tech-Mapping Phase 3 completed
[90%] Tech-Mapping Phase 4 completed
[95%] Generate netlist file "/home/akiel/trunk/pub/cortexm1_clone/boards/gw5a25/bench/impl/gwsynthesis/empu_bench.vg" completed
[100%] Generate report file "/home/akiel/trunk/pub/cortexm1_clone/boards/gw5a25/bench/impl/gwsynthesis/empu_bench_syn.rpt.html" completed
GowinSynthesis finish
