GowinSynthesis start
Running parser ...
Analyzing Verilog file '/home/akiel/trunk/pub/cortexm1_clone/rtl/dap/swd_phy.v'
Analyzing Verilog file '/home/akiel/trunk/pub/cortexm1_clone/rtl/dap/sw_dp.v'
Analyzing Verilog file '/home/akiel/trunk/pub/cortexm1_clone/rtl/dap/mem_ap.v'
Analyzing Verilog file '/home/akiel/trunk/pub/cortexm1_clone/rtl/debug/ppb_regs.v'
Analyzing Verilog file '/home/akiel/trunk/pub/cortexm1_clone/rtl/core/armv6m_core.v'
Analyzing Verilog file '/home/akiel/trunk/pub/cortexm1_clone/rtl/soc/ahb_arb.v'
Analyzing Verilog file '/home/akiel/trunk/pub/cortexm1_clone/rtl/soc/ahb_fabric.v'
Analyzing Verilog file '/home/akiel/trunk/pub/cortexm1_clone/rtl/soc/ahb_sram.v'
Analyzing Verilog file '/home/akiel/trunk/pub/cortexm1_clone/rtl/soc/ahb_gpio.v'
Analyzing Verilog file '/home/akiel/trunk/pub/cortexm1_clone/rtl/m1_mvp_top.v'
Analyzing Verilog file '/home/akiel/trunk/pub/cortexm1_clone/boards/gw5a25/top.v'
Compiling module 'top'("/home/akiel/trunk/pub/cortexm1_clone/boards/gw5a25/top.v":15)
Compiling module 'm1_mvp_top'("/home/akiel/trunk/pub/cortexm1_clone/rtl/m1_mvp_top.v":9)
Compiling module 'swd_phy'("/home/akiel/trunk/pub/cortexm1_clone/rtl/dap/swd_phy.v":20)
Compiling module 'sw_dp'("/home/akiel/trunk/pub/cortexm1_clone/rtl/dap/sw_dp.v":12)
Compiling module 'mem_ap'("/home/akiel/trunk/pub/cortexm1_clone/rtl/dap/mem_ap.v":13)
Compiling module 'armv6m_core'("/home/akiel/trunk/pub/cortexm1_clone/rtl/core/armv6m_core.v":16)
Compiling module 'ahb_arb'("/home/akiel/trunk/pub/cortexm1_clone/rtl/soc/ahb_arb.v":13)
Compiling module 'ahb_fabric'("/home/akiel/trunk/pub/cortexm1_clone/rtl/soc/ahb_fabric.v":14)
Compiling module 'ahb_gpio'("/home/akiel/trunk/pub/cortexm1_clone/rtl/soc/ahb_gpio.v":13)
Compiling module 'ahb_sram'("/home/akiel/trunk/pub/cortexm1_clone/rtl/soc/ahb_sram.v":9)
Extracting RAM for identifier 'mem'("/home/akiel/trunk/pub/cortexm1_clone/rtl/soc/ahb_sram.v":28)
Compiling module 'ahb_sram(WORDS=2048)'("/home/akiel/trunk/pub/cortexm1_clone/rtl/soc/ahb_sram.v":9)
Extracting RAM for identifier 'mem'("/home/akiel/trunk/pub/cortexm1_clone/rtl/soc/ahb_sram.v":28)
Compiling module 'ppb_regs'("/home/akiel/trunk/pub/cortexm1_clone/rtl/debug/ppb_regs.v":12)
NOTE  (EX0101) : Current top module is "top"
[5%] Running netlist conversion ...
Running device independent optimization ...
[10%] Optimizing Phase 0 completed
[15%] Optimizing Phase 1 completed
[25%] Optimizing Phase 2 completed
Running inference ...
[30%] Inferring Phase 0 completed
[40%] Inferring Phase 1 completed
[50%] Inferring Phase 2 completed
[55%] Inferring Phase 3 completed
Running technical mapping ...
[60%] Tech-Mapping Phase 0 completed
[65%] Tech-Mapping Phase 1 completed
[75%] Tech-Mapping Phase 2 completed
[80%] Tech-Mapping Phase 3 completed
[90%] Tech-Mapping Phase 4 completed
[95%] Generate netlist file "/home/akiel/trunk/pub/cortexm1_clone/boards/gw5a25/impl/gwsynthesis/m1_soc.vg" completed
[100%] Generate report file "/home/akiel/trunk/pub/cortexm1_clone/boards/gw5a25/impl/gwsynthesis/m1_soc_syn.rpt.html" completed
GowinSynthesis finish
