
Merging object attributes


Discarded input sections

 .group         0x00000000        0xc build-sim/main.o
 .group         0x00000000        0xc build-sim/main.o
 .group         0x00000000        0xc build-sim/main.o
 .group         0x00000000        0xc build-sim/main.o
 .group         0x00000000        0xc build-sim/main.o
 .group         0x00000000        0xc build-sim/main.o
 .group         0x00000000        0xc build-sim/main.o
 .group         0x00000000        0xc build-sim/main.o
 .group         0x00000000        0xc build-sim/main.o
 .group         0x00000000        0xc build-sim/main.o
 .group         0x00000000        0xc build-sim/main.o
 .text          0x00000000        0x0 build-sim/main.o
 .data          0x00000000        0x0 build-sim/main.o
 .bss           0x00000000        0x0 build-sim/main.o
 .group         0x00000000        0xc build-sim/startup.o
 .group         0x00000000        0xc build-sim/startup.o
 .group         0x00000000        0xc build-sim/startup.o
 .group         0x00000000        0xc build-sim/startup.o
 .group         0x00000000        0xc build-sim/startup.o
 .group         0x00000000        0xc build-sim/startup.o
 .group         0x00000000        0xc build-sim/startup.o
 .group         0x00000000        0xc build-sim/startup.o
 .group         0x00000000        0xc build-sim/startup.o
 .group         0x00000000        0xc build-sim/startup.o
 .text          0x00000000        0x0 build-sim/startup.o
 .data          0x00000000        0x0 build-sim/startup.o
 .bss           0x00000000        0x0 build-sim/startup.o
 .debug_macro   0x00000000      0xac0 build-sim/startup.o
 .debug_macro   0x00000000      0x14b build-sim/startup.o
 .debug_macro   0x00000000       0x9c build-sim/startup.o
 .debug_macro   0x00000000       0x46 build-sim/startup.o
 .debug_macro   0x00000000       0x58 build-sim/startup.o
 .debug_macro   0x00000000       0x5b build-sim/startup.o
 .debug_macro   0x00000000      0x23f build-sim/startup.o
 .debug_macro   0x00000000       0x6a build-sim/startup.o
 .debug_macro   0x00000000      0x103 build-sim/startup.o
 .debug_macro   0x00000000      0x2be build-sim/startup.o
 .group         0x00000000        0xc build-sim/uart.o
 .group         0x00000000        0xc build-sim/uart.o
 .group         0x00000000        0xc build-sim/uart.o
 .group         0x00000000        0xc build-sim/uart.o
 .group         0x00000000        0xc build-sim/uart.o
 .group         0x00000000        0xc build-sim/uart.o
 .group         0x00000000        0xc build-sim/uart.o
 .group         0x00000000        0xc build-sim/uart.o
 .group         0x00000000        0xc build-sim/uart.o
 .group         0x00000000        0xc build-sim/uart.o
 .group         0x00000000        0xc build-sim/uart.o
 .text          0x00000000        0x0 build-sim/uart.o
 .data          0x00000000        0x0 build-sim/uart.o
 .bss           0x00000000        0x0 build-sim/uart.o
 .debug_macro   0x00000000      0xac0 build-sim/uart.o
 .debug_macro   0x00000000      0x14b build-sim/uart.o
 .debug_macro   0x00000000       0x9c build-sim/uart.o
 .debug_macro   0x00000000       0x46 build-sim/uart.o
 .debug_macro   0x00000000       0x58 build-sim/uart.o
 .debug_macro   0x00000000       0x5b build-sim/uart.o
 .debug_macro   0x00000000      0x23f build-sim/uart.o
 .debug_macro   0x00000000       0x6a build-sim/uart.o
 .debug_macro   0x00000000      0x103 build-sim/uart.o
 .debug_macro   0x00000000      0x2be build-sim/uart.o
 .debug_macro   0x00000000       0x70 build-sim/uart.o

Memory Configuration

Name             Origin             Length             Attributes
ITCM             0x00000000         0x00004000         xr
DTCM             0x20000000         0x00002000         xrw
*default*        0x00000000         0xffffffff

Linker script and memory map

LOAD build-sim/main.o
LOAD build-sim/startup.o
LOAD build-sim/uart.o
LOAD /usr/lib/gcc/arm-none-eabi/15/thumb/v6-m/nofp/libgcc.a

.isr_vector     0x00000000       0x40
 *(.isr_vector)
 .isr_vector    0x00000000       0x40 build-sim/startup.o
                0x00000000                vector_table

.text           0x00000040      0x144
 *(.text*)
 .text.main     0x00000040       0x50 build-sim/main.o
                0x00000040                main
 .text.Default_Handler
                0x00000090        0x2 build-sim/startup.o
                0x00000090                HardFault_Handler
                0x00000090                SysTick_Handler
                0x00000090                PendSV_Handler
                0x00000090                NMI_Handler
                0x00000090                SVC_Handler
 *fill*         0x00000092        0x2 
 .text.Reset_Handler
                0x00000094       0x10 build-sim/startup.o
                0x00000094                Reset_Handler
 .text.reset_main
                0x000000a4       0x3c build-sim/startup.o
                0x000000a4                reset_main
 .text.uart_init
                0x000000e0       0x10 build-sim/uart.o
                0x000000e0                uart_init
 .text.uart_putc
                0x000000f0       0x14 build-sim/uart.o
                0x000000f0                uart_putc
 .text.uart_puts
                0x00000104       0x24 build-sim/uart.o
                0x00000104                uart_puts
 .text.uart_puthex
                0x00000128       0x30 build-sim/uart.o
                0x00000128                uart_puthex
 *(.rodata*)
 .rodata.main.str1.4
                0x00000158       0x16 build-sim/main.o
                                 0x1a (size before relaxing)
 *fill*         0x0000016e        0x2 
 .rodata.digits.0
                0x00000170       0x11 build-sim/uart.o
                0x00000184                        . = ALIGN (0x4)
 *fill*         0x00000181        0x3 
                0x00000184                        _sidata = LOADADDR (.data)

.glue_7         0x00000184        0x0
 .glue_7        0x00000184        0x0 linker stubs

.glue_7t        0x00000184        0x0
 .glue_7t       0x00000184        0x0 linker stubs

.vfp11_veneer   0x00000184        0x0
 .vfp11_veneer  0x00000184        0x0 linker stubs

.v4_bx          0x00000184        0x0
 .v4_bx         0x00000184        0x0 linker stubs

.iplt           0x00000184        0x0
 .iplt          0x00000184        0x0 build-sim/main.o

.rel.dyn        0x00000184        0x0
 .rel.iplt      0x00000184        0x0 build-sim/main.o

.data           0x20000000        0x0 load address 0x00000184
                0x20000000                        . = ALIGN (0x4)
                0x20000000                        _sdata = .
 *(.data*)
                0x20000000                        . = ALIGN (0x4)
                0x20000000                        _edata = .

.igot.plt       0x20000000        0x0 load address 0x00000184
 .igot.plt      0x20000000        0x0 build-sim/main.o

.bss            0x20000000        0x0 load address 0x00000184
                0x20000000                        . = ALIGN (0x4)
                0x20000000                        _sbss = .
 *(.bss*)
 *(COMMON)
                0x20000000                        . = ALIGN (0x4)
                0x20000000                        _ebss = .
                0x20002000                        _estack = (ORIGIN (DTCM) + LENGTH (DTCM))
OUTPUT(build-sim/hello_sim.elf elf32-littlearm)
LOAD linker stubs

.debug_info     0x00000000      0x54c
 .debug_info    0x00000000      0x1af build-sim/main.o
 .debug_info    0x000001af      0x175 build-sim/startup.o
 .debug_info    0x00000324      0x228 build-sim/uart.o

.debug_abbrev   0x00000000      0x34e
 .debug_abbrev  0x00000000       0xf5 build-sim/main.o
 .debug_abbrev  0x000000f5      0x115 build-sim/startup.o
 .debug_abbrev  0x0000020a      0x144 build-sim/uart.o

.debug_loclists
                0x00000000       0xf0
 .debug_loclists
                0x00000000       0x21 build-sim/main.o
 .debug_loclists
                0x00000021       0x5d build-sim/startup.o
 .debug_loclists
                0x0000007e       0x72 build-sim/uart.o

.debug_aranges  0x00000000       0x88
 .debug_aranges
                0x00000000       0x20 build-sim/main.o
 .debug_aranges
                0x00000020       0x30 build-sim/startup.o
 .debug_aranges
                0x00000050       0x38 build-sim/uart.o

.debug_rnglists
                0x00000000       0x57
 .debug_rnglists
                0x00000000       0x13 build-sim/main.o
 .debug_rnglists
                0x00000013       0x1f build-sim/startup.o
 .debug_rnglists
                0x00000032       0x25 build-sim/uart.o

.debug_macro    0x00000000     0x1606
 .debug_macro   0x00000000       0x89 build-sim/main.o
 .debug_macro   0x00000089      0xac0 build-sim/main.o
 .debug_macro   0x00000b49      0x14b build-sim/main.o
 .debug_macro   0x00000c94       0x9c build-sim/main.o
 .debug_macro   0x00000d30       0x46 build-sim/main.o
 .debug_macro   0x00000d76       0x58 build-sim/main.o
 .debug_macro   0x00000dce       0x5b build-sim/main.o
 .debug_macro   0x00000e29      0x23f build-sim/main.o
 .debug_macro   0x00001068       0x6a build-sim/main.o
 .debug_macro   0x000010d2      0x103 build-sim/main.o
 .debug_macro   0x000011d5      0x2be build-sim/main.o
 .debug_macro   0x00001493       0x70 build-sim/main.o
 .debug_macro   0x00001503       0x7a build-sim/startup.o
 .debug_macro   0x0000157d       0x89 build-sim/uart.o

.debug_line     0x00000000      0x4cc
 .debug_line    0x00000000      0x156 build-sim/main.o
 .debug_line    0x00000156      0x185 build-sim/startup.o
 .debug_line    0x000002db      0x1f1 build-sim/uart.o

.debug_str      0x00000000     0x5512
 .debug_str     0x00000000     0x5512 build-sim/main.o
                               0x5772 (size before relaxing)
 .debug_str     0x00005512        0x0 build-sim/startup.o
                               0x5589 (size before relaxing)
 .debug_str     0x00005512        0x0 build-sim/uart.o
                               0x57a4 (size before relaxing)

.comment        0x00000000       0x28
 .comment       0x00000000       0x28 build-sim/main.o
                                 0x29 (size before relaxing)
 .comment       0x00000028        0x0 build-sim/startup.o
                                 0x29 (size before relaxing)
 .comment       0x00000028        0x0 build-sim/uart.o
                                 0x29 (size before relaxing)

.ARM.attributes
                0x00000000       0x2c
 .ARM.attributes
                0x00000000       0x2c build-sim/main.o
 .ARM.attributes
                0x0000002c       0x2c build-sim/startup.o
 .ARM.attributes
                0x00000058       0x2c build-sim/uart.o

.debug_frame    0x00000000       0xd8
 .debug_frame   0x00000000       0x28 build-sim/main.o
 .debug_frame   0x00000028       0x48 build-sim/startup.o
 .debug_frame   0x00000070       0x68 build-sim/uart.o
