Archive member included to satisfy reference by file (symbol)

/usr/lib/gcc/arm-none-eabi/15/thumb/v6-m/nofp/libgcc.a(_udivsi3.o)
                              build/uart.o (__aeabi_uidiv)
/usr/lib/gcc/arm-none-eabi/15/thumb/v6-m/nofp/libgcc.a(_dvmd_tls.o)
                              /usr/lib/gcc/arm-none-eabi/15/thumb/v6-m/nofp/libgcc.a(_udivsi3.o) (__aeabi_idiv0)

Merging object attributes


Discarded input sections

 .group         0x00000000        0xc build/main.o
 .group         0x00000000        0xc build/main.o
 .group         0x00000000        0xc build/main.o
 .group         0x00000000        0xc build/main.o
 .group         0x00000000        0xc build/main.o
 .group         0x00000000        0xc build/main.o
 .group         0x00000000        0xc build/main.o
 .group         0x00000000        0xc build/main.o
 .group         0x00000000        0xc build/main.o
 .group         0x00000000        0xc build/main.o
 .group         0x00000000        0xc build/main.o
 .text          0x00000000        0x0 build/main.o
 .data          0x00000000        0x0 build/main.o
 .bss           0x00000000        0x0 build/main.o
 .group         0x00000000        0xc build/startup.o
 .group         0x00000000        0xc build/startup.o
 .group         0x00000000        0xc build/startup.o
 .group         0x00000000        0xc build/startup.o
 .group         0x00000000        0xc build/startup.o
 .group         0x00000000        0xc build/startup.o
 .group         0x00000000        0xc build/startup.o
 .group         0x00000000        0xc build/startup.o
 .group         0x00000000        0xc build/startup.o
 .group         0x00000000        0xc build/startup.o
 .text          0x00000000        0x0 build/startup.o
 .data          0x00000000        0x0 build/startup.o
 .bss           0x00000000        0x0 build/startup.o
 .debug_macro   0x00000000      0xaba build/startup.o
 .debug_macro   0x00000000      0x14b build/startup.o
 .debug_macro   0x00000000       0x9c build/startup.o
 .debug_macro   0x00000000       0x46 build/startup.o
 .debug_macro   0x00000000       0x58 build/startup.o
 .debug_macro   0x00000000       0x5b build/startup.o
 .debug_macro   0x00000000      0x23f build/startup.o
 .debug_macro   0x00000000       0x6a build/startup.o
 .debug_macro   0x00000000      0x103 build/startup.o
 .debug_macro   0x00000000      0x2be build/startup.o
 .group         0x00000000        0xc build/uart.o
 .group         0x00000000        0xc build/uart.o
 .group         0x00000000        0xc build/uart.o
 .group         0x00000000        0xc build/uart.o
 .group         0x00000000        0xc build/uart.o
 .group         0x00000000        0xc build/uart.o
 .group         0x00000000        0xc build/uart.o
 .group         0x00000000        0xc build/uart.o
 .group         0x00000000        0xc build/uart.o
 .group         0x00000000        0xc build/uart.o
 .group         0x00000000        0xc build/uart.o
 .text          0x00000000        0x0 build/uart.o
 .data          0x00000000        0x0 build/uart.o
 .bss           0x00000000        0x0 build/uart.o
 .debug_macro   0x00000000      0xaba build/uart.o
 .debug_macro   0x00000000      0x14b build/uart.o
 .debug_macro   0x00000000       0x9c build/uart.o
 .debug_macro   0x00000000       0x46 build/uart.o
 .debug_macro   0x00000000       0x58 build/uart.o
 .debug_macro   0x00000000       0x5b build/uart.o
 .debug_macro   0x00000000      0x23f build/uart.o
 .debug_macro   0x00000000       0x6a build/uart.o
 .debug_macro   0x00000000      0x103 build/uart.o
 .debug_macro   0x00000000      0x2be build/uart.o
 .debug_macro   0x00000000       0x76 build/uart.o
 .data          0x00000000        0x0 /usr/lib/gcc/arm-none-eabi/15/thumb/v6-m/nofp/libgcc.a(_udivsi3.o)
 .bss           0x00000000        0x0 /usr/lib/gcc/arm-none-eabi/15/thumb/v6-m/nofp/libgcc.a(_udivsi3.o)
 .data          0x00000000        0x0 /usr/lib/gcc/arm-none-eabi/15/thumb/v6-m/nofp/libgcc.a(_dvmd_tls.o)
 .bss           0x00000000        0x0 /usr/lib/gcc/arm-none-eabi/15/thumb/v6-m/nofp/libgcc.a(_dvmd_tls.o)

Memory Configuration

Name             Origin             Length             Attributes
ITCM             0x00000000         0x00008000         xr
DTCM             0x20000000         0x00004000         xrw
*default*        0x00000000         0xffffffff

Linker script and memory map

LOAD build/main.o
LOAD build/startup.o
LOAD build/uart.o
LOAD /usr/lib/gcc/arm-none-eabi/15/thumb/v6-m/nofp/libgcc.a

.isr_vector     0x00000000       0x40
 *(.isr_vector)
 .isr_vector    0x00000000       0x40 build/startup.o
                0x00000000                vector_table

.text           0x00000040      0x290
 *(.text*)
 .text.delay    0x00000040       0x12 build/main.o
 *fill*         0x00000052        0x2 
 .text.main     0x00000054       0x5c build/main.o
                0x00000054                main
 .text.Default_Handler
                0x000000b0        0x2 build/startup.o
                0x000000b0                HardFault_Handler
                0x000000b0                SysTick_Handler
                0x000000b0                PendSV_Handler
                0x000000b0                NMI_Handler
                0x000000b0                SVC_Handler
 *fill*         0x000000b2        0x2 
 .text.Reset_Handler
                0x000000b4       0x10 build/startup.o
                0x000000b4                Reset_Handler
 .text.reset_main
                0x000000c4       0x3c build/startup.o
                0x000000c4                reset_main
 .text.uart_init
                0x00000100       0x24 build/uart.o
                0x00000100                uart_init
 .text.uart_putc
                0x00000124       0x14 build/uart.o
                0x00000124                uart_putc
 .text.uart_puts
                0x00000138       0x24 build/uart.o
                0x00000138                uart_puts
 .text.uart_puthex
                0x0000015c       0x30 build/uart.o
                0x0000015c                uart_puthex
 .text          0x0000018c      0x114 /usr/lib/gcc/arm-none-eabi/15/thumb/v6-m/nofp/libgcc.a(_udivsi3.o)
                0x0000018c                __udivsi3
                0x0000018c                __aeabi_uidiv
                0x00000298                __aeabi_uidivmod
 .text          0x000002a0        0x4 /usr/lib/gcc/arm-none-eabi/15/thumb/v6-m/nofp/libgcc.a(_dvmd_tls.o)
                0x000002a0                __aeabi_ldiv0
                0x000002a0                __aeabi_idiv0
 *(.rodata*)
 .rodata.main.str1.4
                0x000002a4       0x16 build/main.o
                                 0x1a (size before relaxing)
 *fill*         0x000002ba        0x2 
 .rodata.digits.0
                0x000002bc       0x11 build/uart.o
                0x000002d0                        . = ALIGN (0x4)
 *fill*         0x000002cd        0x3 

.glue_7         0x000002d0        0x0
 .glue_7        0x000002d0        0x0 linker stubs

.glue_7t        0x000002d0        0x0
 .glue_7t       0x000002d0        0x0 linker stubs

.vfp11_veneer   0x000002d0        0x0
 .vfp11_veneer  0x000002d0        0x0 linker stubs

.v4_bx          0x000002d0        0x0
 .v4_bx         0x000002d0        0x0 linker stubs

.iplt           0x000002d0        0x0
 .iplt          0x000002d0        0x0 build/main.o

.rel.dyn        0x000002d0        0x0
 .rel.iplt      0x000002d0        0x0 build/main.o

.results        0x20000000        0x0
                0x20000000                        . = ALIGN (0x4)
 *(.results)
                0x20000000                        . = ALIGN (0x4)
                0x000002d0                        _sidata = LOADADDR (.data)

.data           0x20000000        0x0 load address 0x000002d0
                0x20000000                        . = ALIGN (0x4)
                0x20000000                        _sdata = .
 *(.data*)
                0x20000000                        . = ALIGN (0x4)
                0x20000000                        _edata = .

.igot.plt       0x20000000        0x0 load address 0x000002d0
 .igot.plt      0x20000000        0x0 build/main.o

.bss            0x20000000        0x0 load address 0x000002d0
                0x20000000                        . = ALIGN (0x4)
                0x20000000                        _sbss = .
 *(.bss*)
 *(COMMON)
                0x20000000                        . = ALIGN (0x4)
                0x20000000                        _ebss = .
                0x20004000                        _estack = (ORIGIN (DTCM) + LENGTH (DTCM))
OUTPUT(build/hello.elf elf32-littlearm)
LOAD linker stubs

.debug_info     0x00000000      0x630
 .debug_info    0x00000000      0x1fa build/main.o
 .debug_info    0x000001fa      0x175 build/startup.o
 .debug_info    0x0000036f      0x247 build/uart.o
 .debug_info    0x000005b6       0x3e /usr/lib/gcc/arm-none-eabi/15/thumb/v6-m/nofp/libgcc.a(_udivsi3.o)
 .debug_info    0x000005f4       0x3c /usr/lib/gcc/arm-none-eabi/15/thumb/v6-m/nofp/libgcc.a(_dvmd_tls.o)

.debug_abbrev   0x00000000      0x3ad
 .debug_abbrev  0x00000000      0x11f build/main.o
 .debug_abbrev  0x0000011f      0x115 build/startup.o
 .debug_abbrev  0x00000234      0x12b build/uart.o
 .debug_abbrev  0x0000035f       0x28 /usr/lib/gcc/arm-none-eabi/15/thumb/v6-m/nofp/libgcc.a(_udivsi3.o)
 .debug_abbrev  0x00000387       0x26 /usr/lib/gcc/arm-none-eabi/15/thumb/v6-m/nofp/libgcc.a(_dvmd_tls.o)

.debug_loclists
                0x00000000      0x11f
 .debug_loclists
                0x00000000       0x21 build/main.o
 .debug_loclists
                0x00000021       0x5d build/startup.o
 .debug_loclists
                0x0000007e       0xa1 build/uart.o

.debug_aranges  0x00000000       0xd0
 .debug_aranges
                0x00000000       0x28 build/main.o
 .debug_aranges
                0x00000028       0x30 build/startup.o
 .debug_aranges
                0x00000058       0x38 build/uart.o
 .debug_aranges
                0x00000090       0x20 /usr/lib/gcc/arm-none-eabi/15/thumb/v6-m/nofp/libgcc.a(_udivsi3.o)
 .debug_aranges
                0x000000b0       0x20 /usr/lib/gcc/arm-none-eabi/15/thumb/v6-m/nofp/libgcc.a(_dvmd_tls.o)

.debug_rnglists
                0x00000000       0x5d
 .debug_rnglists
                0x00000000       0x19 build/main.o
 .debug_rnglists
                0x00000019       0x1f build/startup.o
 .debug_rnglists
                0x00000038       0x25 build/uart.o

.debug_macro    0x00000000     0x1620
 .debug_macro   0x00000000       0x99 build/main.o
 .debug_macro   0x00000099      0xaba build/main.o
 .debug_macro   0x00000b53      0x14b build/main.o
 .debug_macro   0x00000c9e       0x9c build/main.o
 .debug_macro   0x00000d3a       0x46 build/main.o
 .debug_macro   0x00000d80       0x58 build/main.o
 .debug_macro   0x00000dd8       0x5b build/main.o
 .debug_macro   0x00000e33      0x23f build/main.o
 .debug_macro   0x00001072       0x6a build/main.o
 .debug_macro   0x000010dc      0x103 build/main.o
 .debug_macro   0x000011df      0x2be build/main.o
 .debug_macro   0x0000149d       0x76 build/main.o
 .debug_macro   0x00001513       0x7a build/startup.o
 .debug_macro   0x0000158d       0x93 build/uart.o

.debug_line     0x00000000      0x5d2
 .debug_line    0x00000000      0x19c build/main.o
 .debug_line    0x0000019c      0x185 build/startup.o
 .debug_line    0x00000321      0x211 build/uart.o
 .debug_line    0x00000532       0x56 /usr/lib/gcc/arm-none-eabi/15/thumb/v6-m/nofp/libgcc.a(_udivsi3.o)
 .debug_line    0x00000588       0x4a /usr/lib/gcc/arm-none-eabi/15/thumb/v6-m/nofp/libgcc.a(_dvmd_tls.o)

.debug_str      0x00000000     0x562c
 .debug_str     0x00000000     0x562c build/main.o
                               0x5768 (size before relaxing)
 .debug_str     0x0000562c        0x0 build/startup.o
                               0x5579 (size before relaxing)
 .debug_str     0x0000562c        0x0 build/uart.o
                               0x578e (size before relaxing)
 .debug_str     0x0000562c        0x0 /usr/lib/gcc/arm-none-eabi/15/thumb/v6-m/nofp/libgcc.a(_udivsi3.o)
                                 0xc7 (size before relaxing)
 .debug_str     0x0000562c        0x0 /usr/lib/gcc/arm-none-eabi/15/thumb/v6-m/nofp/libgcc.a(_dvmd_tls.o)
                                 0xc8 (size before relaxing)

.comment        0x00000000       0x28
 .comment       0x00000000       0x28 build/main.o
                                 0x29 (size before relaxing)
 .comment       0x00000028        0x0 build/startup.o
                                 0x29 (size before relaxing)
 .comment       0x00000028        0x0 build/uart.o
                                 0x29 (size before relaxing)

.ARM.attributes
                0x00000000       0x2c
 .ARM.attributes
                0x00000000       0x2c build/main.o
 .ARM.attributes
                0x0000002c       0x2c build/startup.o
 .ARM.attributes
                0x00000058       0x2c build/uart.o
 .ARM.attributes
                0x00000084       0x1e /usr/lib/gcc/arm-none-eabi/15/thumb/v6-m/nofp/libgcc.a(_udivsi3.o)
 .ARM.attributes
                0x000000a2       0x1e /usr/lib/gcc/arm-none-eabi/15/thumb/v6-m/nofp/libgcc.a(_dvmd_tls.o)

.debug_frame    0x00000000      0x118
 .debug_frame   0x00000000       0x40 build/main.o
 .debug_frame   0x00000040       0x48 build/startup.o
 .debug_frame   0x00000088       0x70 build/uart.o
 .debug_frame   0x000000f8       0x20 /usr/lib/gcc/arm-none-eabi/15/thumb/v6-m/nofp/libgcc.a(_udivsi3.o)

.debug_line_str
                0x00000000       0xa0
 .debug_line_str
                0x00000000       0xa0 /usr/lib/gcc/arm-none-eabi/15/thumb/v6-m/nofp/libgcc.a(_udivsi3.o)
 .debug_line_str
                0x000000a0        0x0 /usr/lib/gcc/arm-none-eabi/15/thumb/v6-m/nofp/libgcc.a(_dvmd_tls.o)
                                 0xa0 (size before relaxing)
